00:00 +0: loading C:/dev/internship_app/test/widget/login_page_test.dart
00:00 +0: LoginPage — widget tests renders email and password fields
══╡ EXCEPTION CAUGHT BY RENDERING LIBRARY ╞═════════════════════════════════════════════════════════
The following assertion was thrown during layout:
A RenderFlex overflowed by 107 pixels on the right.

The relevant error-causing widget was:
  Row Row:file:///C:/dev/internship_app/lib/features/auth/login_page.dart:211:21

The overflowing RenderFlex has an orientation of Axis.horizontal.
The edge of the RenderFlex that is overflowing has been marked in the rendering with a yellow and
black striped pattern. This is usually caused by the contents being too big for the RenderFlex.
Consider applying a flex factor (e.g. using an Expanded widget) to force the children of the
RenderFlex to fit within the available space instead of being sized to their natural size.
This is considered an error condition because it indicates that there is content that cannot be
seen. If the content is legitimately bigger than the available space, consider clipping it with a
ClipRect widget before putting it in the flex, or using a scrollable container rather than a Flex,
like a ListView.
The specific RenderFlex in question is: RenderFlex#71251 relayoutBoundary=up16 OVERFLOWING:
  creator: Row ← Column ← _FormScope ← WillPopScope ← Semantics ←
    Form-[LabeledGlobalKey<FormState>#7b6a4] ← Padding ← _SingleChildViewport ←
    IgnorePointer-[GlobalKey#20099] ← Semantics ← Listener ← _GestureSemantics ← ⋯
  parentData: offset=Offset(0.0, 564.0); flex=null; fit=null (can use size)
  constraints: BoxConstraints(w=372.0, 0.0<=h<=Infinity)
  size: Size(372.0, 48.0)
  direction: horizontal
  mainAxisAlignment: center
  mainAxisSize: max
  crossAxisAlignment: center
  textDirection: ltr
  verticalDirection: down
  spacing: 0.0
◢◤◢◤◢◤◢◤◢◤◢◤◢◤◢◤◢◤◢◤◢◤◢◤◢◤◢◤◢◤◢◤◢◤◢◤◢◤◢◤◢◤◢◤◢◤◢◤◢◤◢◤◢◤◢◤◢◤◢◤◢◤◢◤◢◤◢◤◢◤◢◤◢◤◢◤◢◤◢◤◢◤◢◤◢◤◢◤◢◤◢◤◢◤◢◤◢◤◢◤
════════════════════════════════════════════════════════════════════════════════════════════════════
00:00 +0 -1: LoginPage — widget tests renders email and password fields [E]
  Test failed. See exception logs above.
  The test description was: renders email and password fields
  
00:00 +0 -1: LoginPage — widget tests shows email required error for empty email
══╡ EXCEPTION CAUGHT BY RENDERING LIBRARY ╞═════════════════════════════════════════════════════════
The following assertion was thrown during layout:
A RenderFlex overflowed by 107 pixels on the right.

The relevant error-causing widget was:
  Row Row:file:///C:/dev/internship_app/lib/features/auth/login_page.dart:211:21

The overflowing RenderFlex has an orientation of Axis.horizontal.
The edge of the RenderFlex that is overflowing has been marked in the rendering with a yellow and
black striped pattern. This is usually caused by the contents being too big for the RenderFlex.
Consider applying a flex factor (e.g. using an Expanded widget) to force the children of the
RenderFlex to fit within the available space instead of being sized to their natural size.
This is considered an error condition because it indicates that there is content that cannot be
seen. If the content is legitimately bigger than the available space, consider clipping it with a
ClipRect widget before putting it in the flex, or using a scrollable container rather than a Flex,
like a ListView.
The specific RenderFlex in question is: RenderFlex#43ac8 relayoutBoundary=up16 OVERFLOWING:
  creator: Row ← Column ← _FormScope ← WillPopScope ← Semantics ←
    Form-[LabeledGlobalKey<FormState>#0ee5d] ← Padding ← _SingleChildViewport ←
    IgnorePointer-[GlobalKey#3613c] ← Semantics ← Listener ← _GestureSemantics ← ⋯
  parentData: offset=Offset(0.0, 564.0); flex=null; fit=null (can use size)
  constraints: BoxConstraints(w=372.0, 0.0<=h<=Infinity)
  size: Size(372.0, 48.0)
  direction: horizontal
  mainAxisAlignment: center
  mainAxisSize: max
  crossAxisAlignment: center
  textDirection: ltr
  verticalDirection: down
  spacing: 0.0
◢◤◢◤◢◤◢◤◢◤◢◤◢◤◢◤◢◤◢◤◢◤◢◤◢◤◢◤◢◤◢◤◢◤◢◤◢◤◢◤◢◤◢◤◢◤◢◤◢◤◢◤◢◤◢◤◢◤◢◤◢◤◢◤◢◤◢◤◢◤◢◤◢◤◢◤◢◤◢◤◢◤◢◤◢◤◢◤◢◤◢◤◢◤◢◤◢◤◢◤
════════════════════════════════════════════════════════════════════════════════════════════════════
00:01 +0 -2: LoginPage — widget tests shows email required error for empty email [E]
  Test failed. See exception logs above.
  The test description was: shows email required error for empty email
  
00:01 +0 -2: LoginPage — widget tests shows invalid email error for bad format
══╡ EXCEPTION CAUGHT BY RENDERING LIBRARY ╞═════════════════════════════════════════════════════════
The following assertion was thrown during layout:
A RenderFlex overflowed by 107 pixels on the right.

The relevant error-causing widget was:
  Row Row:file:///C:/dev/internship_app/lib/features/auth/login_page.dart:211:21

The overflowing RenderFlex has an orientation of Axis.horizontal.
The edge of the RenderFlex that is overflowing has been marked in the rendering with a yellow and
black striped pattern. This is usually caused by the contents being too big for the RenderFlex.
Consider applying a flex factor (e.g. using an Expanded widget) to force the children of the
RenderFlex to fit within the available space instead of being sized to their natural size.
This is considered an error condition because it indicates that there is content that cannot be
seen. If the content is legitimately bigger than the available space, consider clipping it with a
ClipRect widget before putting it in the flex, or using a scrollable container rather than a Flex,
like a ListView.
The specific RenderFlex in question is: RenderFlex#e5fce relayoutBoundary=up16 OVERFLOWING:
  creator: Row ← Column ← _FormScope ← WillPopScope ← Semantics ←
    Form-[LabeledGlobalKey<FormState>#dec6f] ← Padding ← _SingleChildViewport ←
    IgnorePointer-[GlobalKey#90356] ← Semantics ← Listener ← _GestureSemantics ← ⋯
  parentData: offset=Offset(0.0, 564.0); flex=null; fit=null (can use size)
  constraints: BoxConstraints(w=372.0, 0.0<=h<=Infinity)
  size: Size(372.0, 48.0)
  direction: horizontal
  mainAxisAlignment: center
  mainAxisSize: max
  crossAxisAlignment: center
  textDirection: ltr
  verticalDirection: down
  spacing: 0.0
◢◤◢◤◢◤◢◤◢◤◢◤◢◤◢◤◢◤◢◤◢◤◢◤◢◤◢◤◢◤◢◤◢◤◢◤◢◤◢◤◢◤◢◤◢◤◢◤◢◤◢◤◢◤◢◤◢◤◢◤◢◤◢◤◢◤◢◤◢◤◢◤◢◤◢◤◢◤◢◤◢◤◢◤◢◤◢◤◢◤◢◤◢◤◢◤◢◤◢◤
════════════════════════════════════════════════════════════════════════════════════════════════════
00:01 +0 -3: LoginPage — widget tests shows invalid email error for bad format [E]
  Test failed. See exception logs above.
  The test description was: shows invalid email error for bad format
  
00:01 +0 -3: LoginPage — widget tests shows password too short error
══╡ EXCEPTION CAUGHT BY RENDERING LIBRARY ╞═════════════════════════════════════════════════════════
The following assertion was thrown during layout:
A RenderFlex overflowed by 107 pixels on the right.

The relevant error-causing widget was:
  Row Row:file:///C:/dev/internship_app/lib/features/auth/login_page.dart:211:21

The overflowing RenderFlex has an orientation of Axis.horizontal.
The edge of the RenderFlex that is overflowing has been marked in the rendering with a yellow and
black striped pattern. This is usually caused by the contents being too big for the RenderFlex.
Consider applying a flex factor (e.g. using an Expanded widget) to force the children of the
RenderFlex to fit within the available space instead of being sized to their natural size.
This is considered an error condition because it indicates that there is content that cannot be
seen. If the content is legitimately bigger than the available space, consider clipping it with a
ClipRect widget before putting it in the flex, or using a scrollable container rather than a Flex,
like a ListView.
The specific RenderFlex in question is: RenderFlex#cbd20 relayoutBoundary=up16 OVERFLOWING:
  creator: Row ← Column ← _FormScope ← WillPopScope ← Semantics ←
    Form-[LabeledGlobalKey<FormState>#4d19e] ← Padding ← _SingleChildViewport ←
    IgnorePointer-[GlobalKey#264c8] ← Semantics ← Listener ← _GestureSemantics ← ⋯
  parentData: offset=Offset(0.0, 564.0); flex=null; fit=null (can use size)
  constraints: BoxConstraints(w=372.0, 0.0<=h<=Infinity)
  size: Size(372.0, 48.0)
  direction: horizontal
  mainAxisAlignment: center
  mainAxisSize: max
  crossAxisAlignment: center
  textDirection: ltr
  verticalDirection: down
  spacing: 0.0
◢◤◢◤◢◤◢◤◢◤◢◤◢◤◢◤◢◤◢◤◢◤◢◤◢◤◢◤◢◤◢◤◢◤◢◤◢◤◢◤◢◤◢◤◢◤◢◤◢◤◢◤◢◤◢◤◢◤◢◤◢◤◢◤◢◤◢◤◢◤◢◤◢◤◢◤◢◤◢◤◢◤◢◤◢◤◢◤◢◤◢◤◢◤◢◤◢◤◢◤
════════════════════════════════════════════════════════════════════════════════════════════════════
00:01 +0 -4: LoginPage — widget tests shows password too short error [E]
  Test failed. See exception logs above.
  The test description was: shows password too short error
  
00:01 +0 -4: LoginPage — widget tests contains a link to the register page
══╡ EXCEPTION CAUGHT BY RENDERING LIBRARY ╞═════════════════════════════════════════════════════════
The following assertion was thrown during layout:
A RenderFlex overflowed by 107 pixels on the right.

The relevant error-causing widget was:
  Row Row:file:///C:/dev/internship_app/lib/features/auth/login_page.dart:211:21

The overflowing RenderFlex has an orientation of Axis.horizontal.
The edge of the RenderFlex that is overflowing has been marked in the rendering with a yellow and
black striped pattern. This is usually caused by the contents being too big for the RenderFlex.
Consider applying a flex factor (e.g. using an Expanded widget) to force the children of the
RenderFlex to fit within the available space instead of being sized to their natural size.
This is considered an error condition because it indicates that there is content that cannot be
seen. If the content is legitimately bigger than the available space, consider clipping it with a
ClipRect widget before putting it in the flex, or using a scrollable container rather than a Flex,
like a ListView.
The specific RenderFlex in question is: RenderFlex#c5066 relayoutBoundary=up16 OVERFLOWING:
  creator: Row ← Column ← _FormScope ← WillPopScope ← Semantics ←
    Form-[LabeledGlobalKey<FormState>#ca162] ← Padding ← _SingleChildViewport ←
    IgnorePointer-[GlobalKey#db138] ← Semantics ← Listener ← _GestureSemantics ← ⋯
  parentData: offset=Offset(0.0, 564.0); flex=null; fit=null (can use size)
  constraints: BoxConstraints(w=372.0, 0.0<=h<=Infinity)
  size: Size(372.0, 48.0)
  direction: horizontal
  mainAxisAlignment: center
  mainAxisSize: max
  crossAxisAlignment: center
  textDirection: ltr
  verticalDirection: down
  spacing: 0.0
◢◤◢◤◢◤◢◤◢◤◢◤◢◤◢◤◢◤◢◤◢◤◢◤◢◤◢◤◢◤◢◤◢◤◢◤◢◤◢◤◢◤◢◤◢◤◢◤◢◤◢◤◢◤◢◤◢◤◢◤◢◤◢◤◢◤◢◤◢◤◢◤◢◤◢◤◢◤◢◤◢◤◢◤◢◤◢◤◢◤◢◤◢◤◢◤◢◤◢◤
════════════════════════════════════════════════════════════════════════════════════════════════════
00:01 +0 -5: LoginPage — widget tests contains a link to the register page [E]
  Test failed. See exception logs above.
  The test description was: contains a link to the register page
  
00:01 +0 -5: Some tests failed.
